// Jest Snapshot v1, https://goo.gl/fbAQLP

exports[`<AddPage /> renders correctly 1`] = `null`;
